// Jest Snapshot v1, https://goo.gl/fbAQLP

exports[`Storyshots App React 1`] = `
<h1>
  welcome.title
</h1>
`;
